"The `DecimalTwo` scalar type represents a number with 2 decimal places."
scalar DecimalTwo